../Drivers/BSP/AwesomeAudioApparatus_board/Demiurge1/demi1-stm32f4/stm32f4-gate.c:23:6:init_gates	4	static
../Drivers/BSP/AwesomeAudioApparatus_board/Demiurge1/demi1-stm32f4/stm32f4-gate.c:27:6:read_gates	8	static
../Drivers/BSP/AwesomeAudioApparatus_board/Demiurge1/demi1-stm32f4/stm32f4-gate.c:32:6:update_gates	8	static
../Drivers/BSP/AwesomeAudioApparatus_board/Demiurge1/demi1-stm32f4/stm32f4-gate.c:38:6:start_gates	4	static
../Drivers/BSP/AwesomeAudioApparatus_board/Demiurge1/demi1-stm32f4/stm32f4-gate.c:43:6:stop_gates	4	static
../Drivers/BSP/AwesomeAudioApparatus_board/Demiurge1/demi1-stm32f4/stm32f4-gate.c:48:13:set_gate_input	8	static
../Drivers/BSP/AwesomeAudioApparatus_board/Demiurge1/demi1-stm32f4/stm32f4-gate.c:54:13:set_gate_output	8	static
../Drivers/BSP/AwesomeAudioApparatus_board/Demiurge1/demi1-stm32f4/stm32f4-gate.c:60:6:direction_gate	16	static
