../Middlewares/Third_Party/AwesomeAudioApparatus_Audio/Demiurge/src/demiurge.c:37:6:demiurge_registerSink	24	static
../Middlewares/Third_Party/AwesomeAudioApparatus_Audio/Demiurge/src/demiurge.c:51:6:demiurge_unregisterSink	24	static
../Middlewares/Third_Party/AwesomeAudioApparatus_Audio/Demiurge/src/demiurge.c:65:6:demiurge_tick	24	static
../Middlewares/Third_Party/AwesomeAudioApparatus_Audio/Demiurge/src/demiurge.c:97:6:demiurge_init	16	static
../Middlewares/Third_Party/AwesomeAudioApparatus_Audio/Demiurge/src/demiurge.c:123:6:set_gate_to_input	16	static
../Middlewares/Third_Party/AwesomeAudioApparatus_Audio/Demiurge/src/demiurge.c:128:6:set_gate_to_output	16	static
../Middlewares/Third_Party/AwesomeAudioApparatus_Audio/Demiurge/src/demiurge.c:133:6:demiurge_start	8	static
../Middlewares/Third_Party/AwesomeAudioApparatus_Audio/Demiurge/src/demiurge.c:139:6:demiurge_stop	24	static
